// Jest Snapshot v1, https://goo.gl/fbAQLP

exports[`EditBookForm renders correctly and matches snapshot 1`] = `
<div>
  <button
    class="MuiButtonBase-root MuiButton-root MuiButton-text MuiButton-textPrimary MuiButton-sizeMedium MuiButton-textSizeMedium MuiButton-colorPrimary MuiButton-root MuiButton-text MuiButton-textPrimary MuiButton-sizeMedium MuiButton-textSizeMedium MuiButton-colorPrimary css-1apkmlw-MuiButtonBase-root-MuiButton-root"
    tabindex="0"
    type="button"
  >
    Edit
  </button>
</div>
`;
